exports[`More component snapshot test Should compare the More component with a snapshot 1`] = `
<div>
  <form
    onSubmit={undefined}>
    <div
      className="row">
      <div
        className="col-sm-12">
        <input
          placeholder="Search" />
         
        <button
          type="submit">
          <span
            aria-hidden="true"
            className="glyphicon glyphicon-search invertedText" />
        </button>
      </div>
    </div>
    <div>
       
    </div>
    <div
      className="row">
      <div>
        From: 
        <span>
          <select
            onChange={[Function]}
            value={4}>
            <option
              value={0}>
              1
            </option>
            <option
              value={1}>
              2
            </option>
            <option
              value={2}>
              3
            </option>
            <option
              value={3}>
              4
            </option>
            <option
              value={4}>
              5
            </option>
            <option
              value={5}>
              6
            </option>
            <option
              value={6}>
              7
            </option>
            <option
              value={7}>
              8
            </option>
            <option
              value={8}>
              9
            </option>
            <option
              value={9}>
              10
            </option>
            <option
              value={10}>
              11
            </option>
            <option
              value={11}>
              12
            </option>
          </select>
          /
          <select
            onChange={[Function]}
            value={31}>
            <option
              value={1}>
              1
            </option>
            <option
              value={2}>
              2
            </option>
            <option
              value={3}>
              3
            </option>
            <option
              value={4}>
              4
            </option>
            <option
              value={5}>
              5
            </option>
            <option
              value={6}>
              6
            </option>
            <option
              value={7}>
              7
            </option>
            <option
              value={8}>
              8
            </option>
            <option
              value={9}>
              9
            </option>
            <option
              value={10}>
              10
            </option>
            <option
              value={11}>
              11
            </option>
            <option
              value={12}>
              12
            </option>
            <option
              value={13}>
              13
            </option>
            <option
              value={14}>
              14
            </option>
            <option
              value={15}>
              15
            </option>
            <option
              value={16}>
              16
            </option>
            <option
              value={17}>
              17
            </option>
            <option
              value={18}>
              18
            </option>
            <option
              value={19}>
              19
            </option>
            <option
              value={20}>
              20
            </option>
            <option
              value={21}>
              21
            </option>
            <option
              value={22}>
              22
            </option>
            <option
              value={23}>
              23
            </option>
            <option
              value={24}>
              24
            </option>
            <option
              value={25}>
              25
            </option>
            <option
              value={26}>
              26
            </option>
            <option
              value={27}>
              27
            </option>
            <option
              value={28}>
              28
            </option>
            <option
              value={29}>
              29
            </option>
            <option
              value={30}>
              30
            </option>
            <option
              value={31}>
              31
            </option>
          </select>
          /
          <select
            onChange={[Function]}
            value={2017}>
            <option
              value={2017}>
              2017
            </option>
          </select>
        </span>
      </div>
      <div>
         
      </div>
      <div>
        To:  
        <span>
          <select
            onChange={[Function]}
            value={4}>
            <option
              value={0}>
              1
            </option>
            <option
              value={1}>
              2
            </option>
            <option
              value={2}>
              3
            </option>
            <option
              value={3}>
              4
            </option>
            <option
              value={4}>
              5
            </option>
            <option
              value={5}>
              6
            </option>
            <option
              value={6}>
              7
            </option>
            <option
              value={7}>
              8
            </option>
            <option
              value={8}>
              9
            </option>
            <option
              value={9}>
              10
            </option>
            <option
              value={10}>
              11
            </option>
            <option
              value={11}>
              12
            </option>
          </select>
          /
          <select
            onChange={[Function]}
            value={31}>
            <option
              value={1}>
              1
            </option>
            <option
              value={2}>
              2
            </option>
            <option
              value={3}>
              3
            </option>
            <option
              value={4}>
              4
            </option>
            <option
              value={5}>
              5
            </option>
            <option
              value={6}>
              6
            </option>
            <option
              value={7}>
              7
            </option>
            <option
              value={8}>
              8
            </option>
            <option
              value={9}>
              9
            </option>
            <option
              value={10}>
              10
            </option>
            <option
              value={11}>
              11
            </option>
            <option
              value={12}>
              12
            </option>
            <option
              value={13}>
              13
            </option>
            <option
              value={14}>
              14
            </option>
            <option
              value={15}>
              15
            </option>
            <option
              value={16}>
              16
            </option>
            <option
              value={17}>
              17
            </option>
            <option
              value={18}>
              18
            </option>
            <option
              value={19}>
              19
            </option>
            <option
              value={20}>
              20
            </option>
            <option
              value={21}>
              21
            </option>
            <option
              value={22}>
              22
            </option>
            <option
              value={23}>
              23
            </option>
            <option
              value={24}>
              24
            </option>
            <option
              value={25}>
              25
            </option>
            <option
              value={26}>
              26
            </option>
            <option
              value={27}>
              27
            </option>
            <option
              value={28}>
              28
            </option>
            <option
              value={29}>
              29
            </option>
            <option
              value={30}>
              30
            </option>
            <option
              value={31}>
              31
            </option>
          </select>
          /
          <select
            onChange={[Function]}
            value={2017}>
            <option
              value={2017}>
              2017
            </option>
          </select>
        </span>
      </div>
    </div>
  </form>
  <div>
     
  </div>
  <div>
    <div
      className="row" />
  </div>
  <div>
     
  </div>
  <span>
     
  </span>
  <div>
     
  </div>
  <div>
    <label
      htmlFor="dark-theme">
      Dark Theme
    </label>
     
    <input
      checked={true}
      id="dark-theme"
      name="theme"
      onChange={undefined}
      type="radio"
      value={0} />
      
    <label
      htmlFor="light-theme">
      Light Theme
    </label>
     
    <input
      checked={false}
      id="light-theme"
      name="theme"
      onChange={undefined}
      type="radio"
      value={1} />
  </div>
</div>
`;
